O B-fromloc.city_name O B-toloc.city_name I-toloc.city_name O O B-flight_mod O O O O O O B-meal_description O O
B-fromloc.city_name O B-toloc.city_name
O O B-depart_date.day_name O B-fromloc.city_name O B-toloc.city_name I-toloc.city_name B-toloc.state_name O O O O O O O O
B-fromloc.city_name O B-toloc.city_name O O B-depart_date.month_name B-depart_date.day_number I-depart_date.day_number O B-depart_time.time I-depart_time.time O O
O B-depart_date.date_relative B-depart_date.day_name O B-fromloc.city_name O B-toloc.city_name I-toloc.city_name O O O O
O O B-depart_date.day_name O B-fromloc.city_name O B-toloc.city_name O O O O
B-airline_name I-airline_name O O O O B-mod O O O O
O B-fromloc.city_name O B-toloc.city_name O O O O
O B-fromloc.city_name I-fromloc.city_name O B-toloc.city_name B-toloc.city_name O B-toloc.city_name O O O O O
O B-depart_time.time I-depart_time.time O B-depart_time.time_relative B-fromloc.city_name O B-toloc.city_name I-toloc.city_name O O O O O O O
B-fromloc.city_name O B-toloc.city_name I-toloc.city_name O O B-flight_mod I-flight_mod O
B-fromloc.city_name O B-toloc.city_name I-toloc.city_name I-toloc.city_name O O O O B-airline_name O B-arrive_date.day_name O B-arrive_time.time I-arrive_time.time O O B-arrive_time.time_relative B-toloc.city_name I-toloc.city_name I-toloc.city_name O O
B-fromloc.city_name O O O O O
O B-fromloc.city_name O B-toloc.city_name O O O O O O B-stoploc.city_name O B-connect O O
O B-depart_date.date_relative B-depart_date.day_name O B-fromloc.city_name B-fromloc.state_name I-fromloc.state_name O B-toloc.airport_name I-toloc.airport_name O O O O
B-fromloc.city_name O B-toloc.city_name O O B-flight_stop O O
O B-fromloc.city_name I-fromloc.city_name O B-toloc.city_name I-toloc.city_name O B-fromloc.city_name O B-toloc.city_name I-toloc.city_name O O B-depart_date.day_name O O O
B-airline_code O O O O
O B-fromloc.city_name I-fromloc.city_name O B-toloc.city_name I-toloc.city_name O O B-airline_name I-airline_name O O O
B-fromloc.city_name O B-toloc.city_name O O B-class_type I-class_type O O O O
O B-depart_date.day_name O B-fromloc.city_name O B-toloc.city_name O O B-class_type O O B-flight_time O
B-fromloc.city_name O O O O O O B-toloc.city_name O O O B-depart_time.period_of_day O B-depart_time.time I-depart_time.time O B-depart_time.time_relative O O
O B-fromloc.city_name O B-toloc.city_name I-toloc.city_name O O O O
O B-depart_date.day_name O B-fromloc.city_name O O B-depart_date.day_name O B-flight_mod I-flight_mod O O
O B-fromloc.city_name O B-toloc.city_name O O B-flight_mod I-flight_mod O O O B-return_date.date_relative B-toloc.city_name O O B-flight_mod O O
O B-airline_code O O
O B-fromloc.city_name I-fromloc.city_name O B-toloc.city_name O O O O
O B-depart_date.day_number B-depart_date.month_name O B-fromloc.city_name O B-toloc.city_name O O B-cost_relative I-cost_relative B-round_trip I-round_trip O O O O O
B-fromloc.city_name O B-toloc.city_name I-toloc.city_name O O B-depart_time.period_of_day O O O O O
O B-airline_name I-airline_name B-fromloc.city_name O B-toloc.city_name B-toloc.state_code O O O O O
O O B-fromloc.city_name O B-toloc.city_name I-toloc.city_name O O B-aircraft_code O O
B-fromloc.city_name O B-toloc.city_name O O O
O O O O B-depart_date.today_relative B-depart_time.period_of_day B-fromloc.city_name O B-toloc.city_name O
O B-fromloc.city_name O B-toloc.city_name O O B-flight_mod O O O O O O O
B-fromloc.city_name O B-toloc.city_name O O B-airline_name I-airline_name O O O O O O O B-arrive_time.time I-arrive_time.time O B-arrive_time.time_relative B-toloc.city_name O O
O B-fromloc.city_name O O O B-depart_date.day_name O B-toloc.city_name B-toloc.state_name O O O O O O O O
B-fromloc.city_name O B-toloc.city_name I-toloc.city_name O O O O O O O
O B-depart_date.day_name O B-fromloc.city_name O B-toloc.city_name O O O O O O B-arrive_time.time I-arrive_time.time B-arrive_time.time_relative B-depart_date.day_name O
O O O O O O O O O B-depart_date.day_name O B-depart_time.period_of_day B-fromloc.city_name O O O O O B-toloc.city_name O O
B-fromloc.city_name O B-toloc.city_name O O B-depart_time.period_of_day B-depart_time.start_time I-depart_time.start_time O B-depart_time.end_time I-depart_time.end_time O O O O
B-fare_amount I-fare_amount O B-cost_relative B-fromloc.city_name O B-toloc.city_name O O B-round_trip I-round_trip O
O B-fromloc.city_name O B-toloc.city_name O O O O O B-stoploc.city_name O O O
O B-depart_date.day_name B-depart_time.period_of_day O B-fromloc.city_name O B-toloc.city_name O O O O O O O
B-fromloc.city_name O B-toloc.city_name O O B-flight_days O B-depart_time.time I-depart_time.time O
O B-fromloc.city_name O B-toloc.city_name O O O O O
O B-fromloc.city_name I-fromloc.city_name O B-toloc.city_name B-toloc.city_name O B-toloc.city_name O O O O
B-fromloc.city_name O B-toloc.city_name O O O O
B-fromloc.city_name O B-toloc.city_name B-toloc.state_code O O O O B-depart_date.day_name O B-flight_mod O O O O
B-depart_date.day_number B-depart_date.month_name B-depart_date.day_name O B-fromloc.city_name O B-toloc.city_name I-toloc.city_name O B-cost_relative I-cost_relative O O O
O B-stoploc.city_name O O O O B-fromloc.city_name O B-toloc.city_name O O O O O O O
O B-stoploc.city_name O O O O B-fromloc.city_name O B-toloc.city_name I-toloc.city_name O O B-airline_name I-airline_name O O O
B-depart_date.day_number B-depart_date.month_name O B-fromloc.city_name O B-toloc.city_name O O B-round_trip I-round_trip O O O O O
O B-fromloc.city_name O B-toloc.city_name O O B-airline_name I-airline_name O O O O
O B-fromloc.city_name O B-toloc.city_name O O O O O O
O B-day_name B-period_of_day O B-city_name O O O O
O B-fromloc.city_name O B-toloc.city_name I-toloc.city_name I-toloc.city_name O O O O O O O
O B-fromloc.city_name O B-toloc.city_name I-toloc.city_name O O O B-airline_name O O O O B-stoploc.city_name O O O
B-fromloc.city_name O B-toloc.city_name O O B-cost_relative I-cost_relative B-round_trip I-round_trip O O O
O B-fromloc.city_name O B-toloc.city_name B-round_trip I-round_trip O O O O
O B-fromloc.city_name O B-toloc.city_name O O B-round_trip I-round_trip O O
B-depart_date.day_name O B-fromloc.city_name O B-toloc.city_name O O O
B-fromloc.city_name O B-toloc.city_name O B-round_trip I-round_trip O O O O O
B-fromloc.city_name O B-toloc.city_name O B-cost_relative I-cost_relative I-cost_relative B-round_trip I-round_trip O O O
B-toloc.city_name O B-fromloc.city_name O O O O O B-flight_mod I-flight_mod O O O O
B-fromloc.city_name O B-toloc.city_name O O B-cost_relative I-cost_relative O O O
O B-fromloc.city_name O B-toloc.city_name O B-toloc.city_name O O O O
O B-airline_code O O B-fromloc.city_name O B-toloc.city_name O O B-arrive_time.time I-arrive_time.time O O O O O
O O O O O O O B-depart_date.day_name B-depart_time.period_of_day O O O O B-fromloc.city_name O O O O B-toloc.city_name O O
O B-fromloc.city_name O B-toloc.city_name O O B-airline_name I-airline_name O O O O O B-arrive_time.period_of_day O B-arrive_time.time_relative B-arrive_time.time I-arrive_time.time O
O B-fromloc.city_name I-fromloc.city_name O B-toloc.city_name I-toloc.city_name O O B-airline_code O O O O O O
B-fromloc.city_name O B-toloc.city_name I-toloc.city_name O O O O
B-fromloc.city_name I-fromloc.city_name O B-toloc.city_name O O B-cost_relative I-cost_relative O O O
O B-fromloc.city_name O B-toloc.city_name O O O
O B-fromloc.city_name O B-toloc.city_name O O O O O O O
O B-fromloc.city_name B-fromloc.state_name I-fromloc.state_name O B-toloc.city_name I-toloc.city_name O O O O O O O O B-stoploc.city_name I-stoploc.city_name O O O O
O O B-depart_time.time O O B-depart_time.period_of_day B-fromloc.city_name O B-toloc.city_name I-toloc.city_name O O O O O O O B-airline_name O O
B-fromloc.city_name O B-toloc.airport_name I-toloc.airport_name O O B-airline_name O B-depart_time.time I-depart_time.time O B-depart_time.time_relative O O O
B-fromloc.city_name O B-toloc.city_name I-toloc.city_name O O O O O
B-fromloc.city_name O B-toloc.city_name O O B-arrive_time.time I-arrive_time.time B-arrive_time.time_relative O O B-flight_stop O O O O
O B-depart_date.date_relative B-depart_date.day_name O O B-fromloc.city_name O B-toloc.city_name I-toloc.city_name O O O O B-flight_time O
O B-fromloc.city_name O B-toloc.city_name O O B-depart_time.period_of_day O O O
B-fromloc.city_name O B-toloc.city_name I-toloc.city_name O O O B-airline_name O O O
O B-fromloc.city_name O B-toloc.city_name O O O O O O
O B-fromloc.city_name O B-toloc.city_name O O O O O O B-depart_time.period_of_day O B-fromloc.city_name O O O O B-arrive_time.time I-arrive_time.time O B-arrive_time.time_relative O O
O B-fromloc.city_name O B-toloc.city_name O O B-depart_date.day_name O B-depart_time.period_of_day O O B-round_trip I-round_trip O O
O B-fromloc.city_name O O O O
O O O O B-airline_name I-airline_name O O O
O O B-fromloc.city_name O O O O O B-toloc.city_name I-toloc.city_name O O O O O O O O O O O O O O O O O
O B-fromloc.city_name O B-toloc.city_name O O O O O O
B-fromloc.airport_name I-fromloc.airport_name B-or B-fromloc.airport_code O B-toloc.city_name O O O
O B-airline_name I-airline_name O O O B-depart_date.day_name O B-fromloc.city_name O O B-toloc.city_name O O O
B-fromloc.city_name O O B-airline_name I-airline_name O O O O
O O O B-fromloc.city_name O B-toloc.city_name I-toloc.city_name O O O B-cost_relative I-cost_relative O O O O
O B-fromloc.city_name O B-toloc.city_name O O O O O
O B-fromloc.city_name O B-toloc.city_name O O O O
O B-fromloc.city_name O B-toloc.city_name I-toloc.city_name O O O O O O O O O B-depart_time.period_of_day O O
B-fromloc.city_name O B-toloc.city_name O O O O O O O B-stoploc.city_name O O O
O B-fromloc.city_name O B-toloc.city_name I-toloc.city_name O O B-depart_time.time I-depart_time.time O B-depart_time.time_relative O O O O O O
O B-depart_date.day_name O B-airline_name I-airline_name O B-fromloc.city_name O B-toloc.city_name O O O O O
B-depart_date.day_number B-depart_date.month_name O B-fromloc.city_name O B-toloc.city_name O O O O B-cost_relative I-cost_relative I-cost_relative O O
O B-fromloc.city_name I-fromloc.city_name O B-toloc.city_name O O O O
O O O B-fromloc.city_name O B-toloc.city_name I-toloc.city_name O O O O O
B-fromloc.city_name O B-toloc.city_name O O O O O O O O
B-fromloc.city_name O B-toloc.city_name I-toloc.city_name O O B-round_trip I-round_trip O
B-depart_date.day_name B-or B-depart_date.day_name O O O B-airline_name I-airline_name O B-toloc.city_name O O B-fromloc.city_name O O O O
O O O O O O O O B-fromloc.city_name O B-toloc.city_name O O O O B-stoploc.city_name O O O
B-fromloc.city_name O B-toloc.city_name O O B-round_trip I-round_trip O B-cost_relative I-cost_relative O O O
B-fromloc.city_name O B-toloc.city_name O O O B-airline_code B-flight_number O O O O O
B-fromloc.city_name O B-toloc.city_name O O O O O O O O
B-fromloc.city_name B-fromloc.airport_name I-fromloc.airport_name O B-toloc.city_name O O B-arrive_time.period_of_day O O O O B-flight_stop O O O O
O B-depart_date.day_number B-depart_date.month_name O B-fromloc.city_name O B-toloc.city_name O O O O O O O O O
O B-stoploc.city_name O O B-fromloc.city_name I-fromloc.city_name O B-toloc.city_name B-toloc.state_name I-toloc.state_name O O O O
-depart_date.day_name O B-depart_time.period_of_day B-fromloc.city_name O B-toloc.city_name O O O O O O
B-fromloc.city_name O B-toloc.city_name I-toloc.city_name O O B-stoploc.city_name O O O B-class_type I-class_type B-airline_name I-airline_name O O O O O O O O O O O
B-fromloc.city_name O B-toloc.city_name O O B-round_trip I-round_trip O B-class_type I-class_type O O O O
O B-fromloc.city_name O B-toloc.city_name O O O O O B-depart_date.day_name O O O O O
B-depart_date.day_number B-depart_date.month_name O B-depart_time.period_of_day O B-airline_name O B-fromloc.city_name I-fromloc.city_name O B-toloc.city_name O O O O O O B-depart_time.period_of_day O O O
B-depart_date.day_number B-depart_date.month_name B-depart_date.year O B-fromloc.city_name O B-toloc.city_name O O O O O
B-fromloc.city_name O B-toloc.city_name O O B-depart_date.day_name B-depart_time.period_of_day O O O O O
B-depart_date.day_number B-depart_date.month_name O B-fromloc.city_name O B-toloc.city_name O O O O O O O
O B-fromloc.city_name O B-toloc.city_name O O O O B-fromloc.city_name O B-toloc.city_name O O O B-fromloc.city_name O O B-toloc.city_name O O O B-toloc.city_name O O
O B-depart_date.day_name O B-fromloc.city_name O B-toloc.city_name O O O O O
B-fromloc.city_name O B-toloc.city_name O O O O
B-fromloc.city_name O B-toloc.city_name I-toloc.city_name O O B-airline_name I-airline_name O O O O
B-flight_mod O B-fromloc.city_name O B-toloc.city_name O O B-depart_time.period_of_day O O O O O O
O B-airline_code O O O O
O B-airline_name I-airline_name O B-fromloc.city_name O B-toloc.city_name I-toloc.city_name O O O O O O B-depart_time.time I-depart_time.time O B-depart_time.time_relative O
B-fromloc.city_name I-fromloc.city_name I-fromloc.city_name O B-toloc.city_name O B-airline_name I-airline_name O O B-flight_number O O O O
B-fromloc.city_name O B-toloc.city_name B-toloc.state_name O O O
B-depart_date.day_number B-depart_date.month_name O B-fromloc.city_name O B-toloc.city_name O O O O O O O O O B-cost_relative I-cost_relative O
B-fromloc.city_name O B-toloc.city_name O O O B-round_trip I-round_trip B-class_type I-class_type O O O O
O B-fromloc.city_name O B-toloc.city_name O O O O O O O O B-stoploc.city_name I-stoploc.city_name O O O
B-fromloc.city_name O O O O O B-toloc.city_name O O O  B-depart_date.day_name O B-depart_time.period_of_day O O O
O B-fromloc.airport_name I-fromloc.airport_name O O O O O O O O O
B-class_type I-class_type O O O O O O O O O O
O B-fromloc.city_name O B-toloc.city_name O O B-depart_date.date_relative B-depart_date.day_name O O O
O B-fromloc.city_name O B-toloc.city_name O O O O
B-fromloc.city_name O B-toloc.city_name O O B-round_trip I-round_trip O O B-fare_amount I-fare_amount O B-cost_relative
O B-depart_date.day_name O B-depart_time.time I-depart_time.time O B-depart_time.time_relative B-fromloc.city_name O B-toloc.city_name I-toloc.city_name O O O O
O B-fare_basis_code O O O O
B-fromloc.city_name O B-toloc.city_name O O B-cost_relative I-cost_relative B-round_trip I-round_trip O O O O
O O O B-fromloc.city_name O B-toloc.city_name O O B-economy I-economy O O O O O
O O B-city_name
B-fromloc.city_name O B-toloc.city_name I-toloc.city_name O O B-flight_mod I-flight_mod O O O O O B-meal O O
B-airport_name I-airport_name O O O O O O O
O O O O O O O O O O O O O O O B-fromloc.city_name O O O O B-arrive_time.time_relative B-arrive_time.time O B-toloc.city_name O O
O B-fromloc.airport_name I-fromloc.airport_name O O O O O O O O O O
B-fromloc.city_name O B-toloc.city_name O O B-flight_mod I-flight_mod I-flight_mod O
B-fromloc.city_name O B-toloc.city_name O O O O O O
B-fromloc.city_name O B-toloc.city_name O O B-depart_time.period_of_day O B-flight_mod O O O
O B-fromloc.city_name O B-toloc.city_name I-toloc.city_name O O B-flight_stop O O
B-fromloc.city_name O B-toloc.city_name O O O O
B-airport_name I-airport_name I-airport_name O O
B-airport_code O O
O B-arrive_date.day_name O B-fromloc.city_name I-fromloc.city_name O B-toloc.city_name O O O B-flight_stop O O
O O O O O O O B-depart_date.day_number B-depart_date.month_name O B-fromloc.city_name O B-toloc.city_name O O B-depart_time.period_of_day B-depart_time.period_mod O O O O O O
O B-fromloc.city_name O B-toloc.city_name O O O O B-depart_date.day_number B-depart_date.month_name O B-depart_time.period_of_day O O O O O
O B-depart_date.day_name O B-fromloc.city_name O B-toloc.city_name I-toloc.city_name O O O O O O O
B-airline_code O O O O
O B-depart_date.day_name B-depart_time.period_of_day B-or B-depart_date.day_name O B-depart_time.period_of_day B-fromloc.city_name O B-toloc.city_name O O O O O O
B-fromloc.city_name O B-toloc.city_name O O O O O B-arrive_date.date_relative B-arrive_date.day_name O B-arrive_time.time O O
B-fromloc.airport_name I-fromloc.airport_name O O O O O O O O O
O B-fromloc.city_name I-fromloc.city_name O B-toloc.city_name O O B-round_trip I-round_trip B-flight_stop O O
O B-fromloc.city_name O B-toloc.city_name O O O O
B-fromloc.city_name O B-toloc.city_name O O B-airline_name O O O
O B-fromloc.city_name O B-toloc.airport_code O O O O
B-fromloc.city_name O B-toloc.city_name O O B-airline_name I-airline_name O B-flight_mod I-flight_mod O O B-flight_time I-flight_time O O
O B-fromloc.city_name O B-toloc.city_name O O O O O O O
B-depart_date.day_name O O B-fromloc.city_name I-fromloc.city_name O B-toloc.city_name O O O O O
O O O O O O B-fromloc.city_name O B-toloc.city_name O B-arrive_time.time I-arrive_time.time O B-arrive_time.time_relative B-toloc.city_name O O
B-airline_name I-airline_name O O O O B-depart_time.time O B-depart_time.time_relative B-fromloc.city_name O O O
B-fromloc.city_name O B-toloc.city_name O
O B-stoploc.city_name O O B-fromloc.city_name O B-toloc.city_name O O O O O O O O O O O
B-depart_date.day_number B-depart_date.month_name O B-fromloc.city_name O B-toloc.city_name O O O O O
B-depart_time.time I-depart_time.time O B-depart_time.time_relative B-fromloc.city_name O B-toloc.city_name O O O O O O O
B-fromloc.city_name O B-toloc.city_name O O O
O B-restriction_code O O
O B-depart_date.day_name O B-fromloc.city_name O B-toloc.city_name O O O O O O O
B-fromloc.city_name O B-toloc.city_name I-toloc.city_name O O B-airline_name O O O O
O B-stoploc.city_name O O O O B-fromloc.city_name O B-toloc.city_name I-toloc.city_name O O O O O
O B-fromloc.city_name I-fromloc.city_name O B-toloc.city_name O O B-fromloc.city_name O B-toloc.city_name I-toloc.city_name O O B-fromloc.city_name I-fromloc.city_name O B-toloc.city_name I-toloc.city_name O O O O O
B-fromloc.city_name O B-toloc.city_name I-toloc.city_name O O B-depart_date.day_name O B-arrive_time.time I-arrive_time.time O B-arrive_time.time_relative O O O O O O
O O O O B-toloc.airport_name I-toloc.airport_name O O O O
O B-fromloc.city_name O O O O
O B-fromloc.city_name I-fromloc.city_name O O O O O B-arrive_date.day_number B-arrive_date.month_name O B-arrive_time.period_of_day O B-toloc.city_name O O O O O
O B-fromloc.city_name O B-toloc.city_name I-toloc.city_name O O O O
O O O B-depart_date.day_number B-depart_date.month_name O B-fromloc.city_name O B-toloc.city_name O O B-flight_mod I-flight_mod B-depart_time.period_of_day O O O O O
O B-fromloc.city_name B-or B-fromloc.city_name B-or B-fromloc.city_name O B-toloc.city_name O O O O
B-fromloc.city_name I-fromloc.city_name O B-toloc.city_name O O O
O B-airline_name O B-city_name O O O O
B-fromloc.city_name O B-toloc.city_name O O B-depart_date.day_number B-depart_date.month_name O B-depart_time.time I-depart_time.time O B-depart_time.time_relative B-airline_name O O O O O O O O
B-fromloc.airport_name I-fromloc.airport_name I-fromloc.airport_name O O O O O O O O O O
B-fromloc.city_name O B-toloc.city_name O O B-round_trip I-round_trip B-cost_relative I-cost_relative O O O
O O O O O B-depart_time.time I-depart_time.time O B-depart_time.time_relative B-fromloc.city_name O B-toloc.city_name I-toloc.city_name O O O O O O O O
B-fromloc.city_name O B-toloc.city_name O O O O
O O O B-fromloc.city_name O O O O B-toloc.city_name O O O O O O O O O
O B-depart_date.day_name O B-fromloc.city_name O B-toloc.city_name I-toloc.city_name O B-fromloc.city_name I-fromloc.city_name I-fromloc.city_name O B-toloc.city_name I-toloc.city_name O O O O O O O O O O
B-fromloc.city_name O B-toloc.city_name I-toloc.city_name O O O O O O O O B-depart_date.day_name B-depart_time.period_of_day B-class_type I-class_type O O O B-stoploc.city_name O O O
B-fromloc.city_name O B-toloc.city_name O O B-depart_date.day_name B-depart_time.time O B-depart_time.time_relative B-airline_name O O O O O O
O O O O O B-fromloc.city_name O B-toloc.city_name O O O B-class_type I-class_type O O
B-fromloc.city_name O B-toloc.city_name O O O B-flight_days B-depart_time.time I-depart_time.time O
B-fromloc.city_name O B-toloc.city_name I-toloc.city_name O O B-cost_relative I-cost_relative O O O
B-depart_date.day_name O O B-fromloc.city_name O B-toloc.city_name I-toloc.city_name O O O O O O
B-depart_date.day_name O B-fromloc.city_name I-fromloc.city_name O B-toloc.city_name O O O O
B-fromloc.city_name O B-toloc.city_name O O B-cost_relative I-cost_relative O O O O
B-depart_date.day_name O B-fromloc.city_name O B-toloc.city_name O O O O O O
O B-airport_name I-airport_name I-airport_name O O O O O O O O
O B-fromloc.city_name I-fromloc.city_name O B-toloc.city_name O O B-depart_time.period_of_day O O O O O
O B-fromloc.city_name O B-depart_time.time O O O O O B-arrive_time.period_of_day B-arrive_time.time O B-toloc.city_name O O O
O B-fromloc.city_name I-fromloc.city_name O B-toloc.city_name I-toloc.city_name O O O O O B-arrive_time.period_of_day B-arrive_time.time O O B-arrive_time.time_relative O O O
B-fromloc.city_name O B-toloc.city_name O O B-arrive_date.day_name B-arrive_time.time O B-arrive_time.time_relative B-flight_stop O O O O
O B-fromloc.city_name O B-toloc.city_name O B-round_trip I-round_trip O O O O O O O O O O O B-cost_relative I-cost_relative O
B-airport_name I-airport_name O O O O O O O
B-airline_name I-airline_name O B-flight_number O O O O O O O O O O
O O B-restriction_code O O
O B-stoploc.city_name O O O O B-fromloc.city_name O B-toloc.city_name I-toloc.city_name O O B-airline_name I-airline_name O O
B-fromloc.city_name O B-toloc.city_name O B-cost_relative I-cost_relative O O O
B-fromloc.city_name I-fromloc.city_name I-fromloc.city_name O B-toloc.city_name I-toloc.city_name O O O O O O
B-fromloc.city_name I-fromloc.city_name O B-toloc.city_name I-toloc.city_name O O O O O O O
B-arrive_time.time I-arrive_time.time O B-arrive_time.time_relative B-toloc.city_name O O B-fromloc.city_name O B-toloc.city_name O O O B-flight_stop O O
O B-depart_date.day_name O B-depart_time.period_of_day B-fromloc.city_name O B-toloc.city_name O O B-airline_name O O
B-city_name O B-today_relative O O O O O
O B-fromloc.city_name O B-toloc.city_name O O O O O O O O O B-depart_time.time I-depart_time.time O B-depart_time.time_relative B-fromloc.city_name O O O O
O B-fromloc.city_name O B-toloc.city_name O O O O
O B-fromloc.city_name O B-toloc.city_name O O O O O
O B-fromloc.city_name I-fromloc.city_name O B-toloc.airport_name I-toloc.airport_name B-flight_stop O O O O
O B-fromloc.city_name O B-toloc.city_name O O O O
O B-depart_time.period_of_day B-depart_time.start_time O B-depart_time.end_time O O B-fromloc.city_name O O O O B-airline_name O O
O O O O B-fromloc.city_name O B-toloc.city_name O O O O O O
O B-fromloc.city_name I-fromloc.city_name O B-toloc.city_name O O B-flight_mod O O O O
B-fromloc.city_name O B-toloc.city_name B-toloc.state_code O O B-depart_date.day_name O O O O O O
O B-depart_date.day_name B-depart_time.period_of_day B-fromloc.city_name I-fromloc.city_name O B-toloc.city_name O O O O O O O O
O B-fromloc.city_name I-fromloc.city_name O O O O O B-depart_date.day_name O B-depart_time.period_of_day O B-toloc.city_name I-toloc.city_name O O B-meal O O
B-depart_date.day_name B-depart_time.period_of_day B-airline_name O B-fromloc.city_name O B-toloc.city_name O O O
O O B-depart_date.day_name O B-depart_date.date_relative O B-depart_time.period_of_day O B-depart_time.time_relative B-depart_time.time O B-fromloc.city_name O B-toloc.city_name I-toloc.city_name O O B-round_trip O O O O
O B-depart_date.day_number B-depart_date.month_name O B-fromloc.city_name O B-toloc.city_name O B-airline_name I-airline_name B-flight_number O O O
B-fromloc.city_name O B-toloc.city_name I-toloc.city_name O B-round_trip I-round_trip O O B-cost_relative I-cost_relative O O O
B-fromloc.city_name O B-toloc.city_name O O B-round_trip I-round_trip O B-cost_relative I-cost_relative O O O
B-depart_date.day_name O B-fromloc.city_name O B-toloc.city_name I-toloc.city_name O O O O O O
B-fromloc.airport_name I-fromloc.airport_name O B-toloc.airport_code O O
O O B-fromloc.city_name O B-toloc.city_name I-toloc.city_name O O O O O O
O B-toloc.city_name O O B-flight_mod I-flight_mod B-fromloc.city_name O O B-toloc.city_name O B-flight_mod I-flight_mod O O O O O O O B-toloc.city_name O O O O O O O O O B-return_date.date_relative B-toloc.city_name O O
O B-airline_name I-airline_name O B-fromloc.city_name O B-toloc.city_name O O B-class_type I-class_type O O
B-fromloc.city_name O B-toloc.city_name I-toloc.city_name O O O O O
O B-fromloc.city_name O B-toloc.city_name O O B-economy O O O O
B-airline_name I-airline_name O B-depart_date.day_name B-depart_date.month_name B-depart_date.day_number I-depart_date.day_number O B-fromloc.city_name I-fromloc.city_name O B-toloc.city_name O O O O O
B-fromloc.city_name I-fromloc.city_name O B-toloc.city_name O O O
O O O O O B-airline_name I-airline_name O O O
B-stoploc.city_name O O B-fromloc.city_name I-fromloc.city_name O B-toloc.city_name O O O O O O O
O B-fromloc.city_name O B-toloc.city_name I-toloc.city_name O O O O O O B-stoploc.city_name B-stoploc.state_code O O O
B-fromloc.city_name O B-toloc.city_name B-toloc.state_code O O B-depart_date.day_number B-depart_date.month_name O B-depart_time.time I-depart_time.time O B-depart_time.time_relative O O
B-fromloc.city_name O B-toloc.city_name B-depart_date.day_name
B-toloc.city_name O B-toloc.city_name I-toloc.city_name O O B-flight_stop O
O B-fromloc.city_name O B-toloc.city_name O O B-connect B-class_type O O
B-arrive_time.time I-arrive_time.time O B-arrive_time.time_relative B-airline_name O B-toloc.city_name O O O O O O O
O O B-fromloc.city_name I-fromloc.city_name O B-toloc.city_name O O O O O O B-flight_stop O O O O O O
B-airline_name O B-flight_number O O O O O O O
